Microchip MPLAB XC8 Compiler V1.45 ()

Linker command line:

-W-3 --edf=C:\Program Files (x86)\Microchip\xc8\v1.45\dat\en_msgs.txt -cs \
  -h+dist/default/production\BA1531_last_ROEE.production.sym \
  --cmf=dist/default/production\BA1531_last_ROEE.production.cmf -z \
  -Q18F45K22 -oC:\Users\yehudaot\AppData\Local\Temp\st30.2 \
  -Mdist/default/production/BA1531_last_ROEE.production.map -E1 -ver=XC8 \
  -ASTACK=027Dh-05ffh -pstack=STACK -ACODE=00h-07FFFh -ACONST=00h-07FFFh \
  -ASMALLCONST=0600h-06FFhx122 -AMEDIUMCONST=0600h-07FFFh -ACOMRAM=01h-05Fh \
  -AABS1=00h-05FFh -ABIGRAM=01h-05FFh -ARAM=060h-0FFh,0100h-01FFhx5 \
  -ABANK0=060h-0FFh -ABANK1=0100h-01FFh -ABANK2=0200h-02FFh \
  -ABANK3=0300h-03FFh -ABANK4=0400h-04FFh -ABANK5=0500h-05FFh \
  -ASFR=0F38h-0F5Fh,0F60h-0FFFh \
  -preset_vec=00h,intcode=08h,intcodelo,powerup,init -pramtop=0600h \
  -psmallconst=SMALLCONST -pmediumconst=MEDIUMCONST -pconst=CONST \
  -AFARRAM=00h-00h -ACONFIG=0300000h-030000Dh -pconfig=CONFIG \
  -AIDLOC=0200000h-0200007h -pidloc=IDLOC -AEEDATA=0F00000h-0F000FFh \
  -peeprom_data=EEDATA \
  -prdata=COMRAM,nvrram=COMRAM,nvbit=COMRAM,rbss=COMRAM,rbit=COMRAM \
  -pfarbss=FARRAM,fardata=FARRAM,nvFARRAM=FARRAM \
  -pintsave_regs=BIGRAM,bigbss=BIGRAM,bigdata=BIGRAM -pbss=RAM \
  -pidata=CODE,irdata=CODE,ibigdata=CODE,ifardata=CODE -prparam=COMRAM \
  C:\Users\yehudaot\AppData\Local\Temp\st30.obj \
  dist/default/production\BA1531_last_ROEE.production.obj 

Object code version is 3.11

Machine type is 18F45K22

Call graph: (short form)




                Name                               Link     Load   Length Selector   Space Scale
C:\Users\yehudaot\AppData\Local\Temp\st30.obj
                init                                 DC       DC        4        4       0
                reset_vec                             0        0        4        0       0
                idloc                            200000   200000        8   200000       0
                config                           300000   300000        E   300000       0
dist/default/production\BA1531_last_ROEE.production.obj
                intcode                               8        8       D4        4       0
                temp                                 48       48        1        1       1
                smallconst                          600      600       A6      300       0
                text121                            40AE     40AE       2E      353       0
                text120                            3EDE     3EDE       38      353       0
                text119                            446A     446A        4      353       0
                text118                            4470     4470        2      353       0
                text117                            4232     4232       22      353       0
                text116                            446E     446E        2      353       0
                text115                            4210     4210       22      353       0
                text114                            43C2     43C2       10      353       0
                text113                            3CCA     3CCA       42      353       0
                text112                            2FD2     2FD2       AC      353       0
                text110                            407E     407E       30      353       0
                text109                            43FC     43FC        E      353       0
                text108                            3FEA     3FEA       34      353       0
                text107                            2DBA     2DBA       BC      353       0
                text106                            2312     2312      104      353       0
                text105                            36B6     36B6       68      353       0
                text104                            2F24     2F24       AE      353       0
                text103                            41EC     41EC       24      353       0
                text102                            3900     3900       5C      353       0
                text101                            3EA6     3EA6       38      353       0
                text100                            2604     2604       E8      353       0
                text99                             41C8     41C8       24      353       0
                text98                             197E     197E      1AE      353       0
                text97                             3C88     3C88       42      353       0
                text96                             250E     250E       F6      353       0
                text95                             417E     417E       26      353       0
                text94                             2B50     2B50       D6      353       0
                text93                             34EE     34EE       7A      353       0
                text92                             3256     3256       90      353       0
                text91                             2416     2416       F8      353       0
                text90                             31C6     31C6       90      353       0
                text89                             2998     2998       E2      353       0
                text88                             2C26     2C26       CE      353       0
                text87                             13D0     13D0      1F6      353       0
                text86                             1FB6     1FB6      12A      353       0
                text85                             1CBA     1CBA      180      353       0
                text84                              FBC      FBC      21C      353       0
                text83                             3846     3846       5E      353       0
                text82                             2E76     2E76       AE      353       0
                text81                             438C     438C       14      353       0
                text80                             4378     4378       14      353       0
                text79                             444A     444A        A      353       0
                text78                             3AB8     3AB8       56      353       0
                text77                             20E0     20E0      126      353       0
                text76                             3A62     3A62       56      353       0
                text75                             3A0C     3A0C       56      353       0
                text74                             39B4     39B4       58      353       0
                text73                             40DC     40DC       2C      353       0
                text72                             42EA     42EA       1C      353       0
                text71                             395C     395C       58      353       0
                text70                             2CF4     2CF4       C6      353       0
                text69                             42CE     42CE       1C      353       0
                text68                             3DC2     3DC2       3C      353       0
                text67                             38A4     38A4       5C      353       0
                text66                             307E     307E       AA      353       0
                text65                             3F4C     3F4C       36      353       0
                text64                             43EE     43EE        E      353       0
                text63                             3E6E     3E6E       38      353       0
                text62                             28B4     28B4       E4      353       0
                text61                             445C     445C        6      353       0
                text60                             3D86     3D86       3C      353       0
                text59                              D46      D46      276      353       0
                text58                             3D0C     3D0C       3E      353       0
                text57                             4466     4466        4      353       0
                text56                             434E     434E       16      353       0
                text55                             3D4A     3D4A       3C      353       0
                text54                             3F16     3F16       36      353       0
                text53                             42B0     42B0       1E      353       0
                text52                             3BB2     3BB2       4E      353       0
                text51                             3B60     3B60       52      353       0
                text50                             4416     4416        C      353       0
                text49                             371E     371E       66      353       0
                text48                             3C44     3C44       44      353       0
                text47                             4338     4338       16      353       0
                text46                             3E36     3E36       38      353       0
                text45                             4462     4462        4      353       0
                text44                             43E0     43E0        E      353       0
                text43                             4440     4440        A      353       0
                text42                             4436     4436        A      353       0
                text41                             3784     3784       64      353       0
                text40                             442C     442C        A      353       0
                text39                             3FB6     3FB6       34      353       0
                text38                             4306     4306       1A      353       0
                text37                             4422     4422        A      353       0
                text36                             37E8     37E8       5E      353       0
                text35                             35DC     35DC       70      353       0
                text34                             2A7A     2A7A       D6      353       0
                text33                             4320     4320       18      353       0
                text32                             440A     440A        C      353       0
                text31                             3C00     3C00       44      353       0
                text30                             404E     404E       30      353       0
                text29                             43D2     43D2        E      353       0
                text28                             364C     364C       6A      353       0
                text27                             27D0     27D0       E4      353       0
                text26                             4292     4292       1E      353       0
                text25                             4130     4130       28      353       0
                text24                             4274     4274       1E      353       0
                text23                             4158     4158       26      353       0
                text22                             4364     4364       14      353       0
                text21                             17A8     17A8      1D6      353       0
                text20                             1E3A     1E3A      17C      353       0
                text19                             3128     3128       9E      353       0
                text18                             3B0E     3B0E       52      353       0
                text17                             2206     2206      10C      353       0
                text16                             43A0     43A0       12      353       0
                text15                             11D8     11D8      1F8      353       0
                text14                              6A6      6A6      3F0      353       0
                text13                             3372     3372       82      353       0
                text12                             26EC     26EC       E4      353       0
                text11                             3472     3472       7C      353       0
                text10                              A96      A96      2B0      353       0
                text9                              1B2C     1B2C      18E      353       0
                text8                              32E6     32E6       8C      353       0
                text7                              401E     401E       30      353       0
                text6                              41A4     41A4       24      353       0
                text5                              4254     4254       20      353       0
                text4                              3DFE     3DFE       38      353       0
                text3                              3F82     3F82       34      353       0
                text2                              4108     4108       28      353       0
                text1                              15C6     15C6      1E2      353       0
                text0                              3568     3568       74      353       0
                cstackCOMRAM                          1        1       30        1       1
                cstackBANK0                          60       60       90       60       1
                cstackBANK2                         246      246       37      200       1
                bssBANK2                            200      200       46      200       1
                dataBANK1                           1BC      1BC       10      100       1
                bssBANK1                            100      100       BC      100       1
                bssBANK0                             F0       F0        B       60       1
                dataCOMRAM                           3E       3E        8        1       1
                bssCOMRAM                            31       31        D        1       1
                cinit                              33F4     33F4       7E      353       0
                nvBANK1                             1CC      1CC        7      100       1
                nvCOMRAM                             46       46        2        1       1
                idataBANK1                         43B2     43B2       10      353       0
                idataCOMRAM                        4454     4454        8      353       0

TOTAL           Name                               Link     Load   Length     Space
        CLASS   STACK          

        CLASS   CODE           
                intcode                               8        8       D4         0
                init                                 DC       DC        4         0
                reset_vec                             0        0        4         0
                text121                            40AE     40AE       2E         0
                text120                            3EDE     3EDE       38         0
                text119                            446A     446A        4         0
                text118                            4470     4470        2         0
                text117                            4232     4232       22         0
                text116                            446E     446E        2         0
                text115                            4210     4210       22         0
                text114                            43C2     43C2       10         0
                text113                            3CCA     3CCA       42         0
                text112                            2FD2     2FD2       AC         0
                text110                            407E     407E       30         0
                text109                            43FC     43FC        E         0
                text108                            3FEA     3FEA       34         0
                text107                            2DBA     2DBA       BC         0
                text106                            2312     2312      104         0
                text105                            36B6     36B6       68         0
                text104                            2F24     2F24       AE         0
                text103                            41EC     41EC       24         0
                text102                            3900     3900       5C         0
                text101                            3EA6     3EA6       38         0
                text100                            2604     2604       E8         0
                text99                             41C8     41C8       24         0
                text98                             197E     197E      1AE         0
                text97                             3C88     3C88       42         0
                text96                             250E     250E       F6         0
                text95                             417E     417E       26         0
                text94                             2B50     2B50       D6         0
                text93                             34EE     34EE       7A         0
                text92                             3256     3256       90         0
                text91                             2416     2416       F8         0
                text90                             31C6     31C6       90         0
                text89                             2998     2998       E2         0
                text88                             2C26     2C26       CE         0
                text87                             13D0     13D0      1F6         0
                text86                             1FB6     1FB6      12A         0
                text85                             1CBA     1CBA      180         0
                text84                              FBC      FBC      21C         0
                text83                             3846     3846       5E         0
                text82                             2E76     2E76       AE         0
                text81                             438C     438C       14         0
                text80                             4378     4378       14         0
                text79                             444A     444A        A         0
                text78                             3AB8     3AB8       56         0
                text77                             20E0     20E0      126         0
                text76                             3A62     3A62       56         0
                text75                             3A0C     3A0C       56         0
                text74                             39B4     39B4       58         0
                text73                             40DC     40DC       2C         0
                text72                             42EA     42EA       1C         0
                text71                             395C     395C       58         0
                text70                             2CF4     2CF4       C6         0
                text69                             42CE     42CE       1C         0
                text68                             3DC2     3DC2       3C         0
                text67                             38A4     38A4       5C         0
                text66                             307E     307E       AA         0
                text65                             3F4C     3F4C       36         0
                text64                             43EE     43EE        E         0
                text63                             3E6E     3E6E       38         0
                text62                             28B4     28B4       E4         0
                text61                             445C     445C        6         0
                text60                             3D86     3D86       3C         0
                text59                              D46      D46      276         0
                text58                             3D0C     3D0C       3E         0
                text57                             4466     4466        4         0
                text56                             434E     434E       16         0
                text55                             3D4A     3D4A       3C         0
                text54                             3F16     3F16       36         0
                text53                             42B0     42B0       1E         0
                text52                             3BB2     3BB2       4E         0
                text51                             3B60     3B60       52         0
                text50                             4416     4416        C         0
                text49                             371E     371E       66         0
                text48                             3C44     3C44       44         0
                text47                             4338     4338       16         0
                text46                             3E36     3E36       38         0
                text45                             4462     4462        4         0
                text44                             43E0     43E0        E         0
                text43                             4440     4440        A         0
                text42                             4436     4436        A         0
                text41                             3784     3784       64         0
                text40                             442C     442C        A         0
                text39                             3FB6     3FB6       34         0
                text38                             4306     4306       1A         0
                text37                             4422     4422        A         0
                text36                             37E8     37E8       5E         0
                text35                             35DC     35DC       70         0
                text34                             2A7A     2A7A       D6         0
                text33                             4320     4320       18         0
                text32                             440A     440A        C         0
                text31                             3C00     3C00       44         0
                text30                             404E     404E       30         0
                text29                             43D2     43D2        E         0
                text28                             364C     364C       6A         0
                text27                             27D0     27D0       E4         0
                text26                             4292     4292       1E         0
                text25                             4130     4130       28         0
                text24                             4274     4274       1E         0
                text23                             4158     4158       26         0
                text22                             4364     4364       14         0
                text21                             17A8     17A8      1D6         0
                text20                             1E3A     1E3A      17C         0
                text19                             3128     3128       9E         0
                text18                             3B0E     3B0E       52         0
                text17                             2206     2206      10C         0
                text16                             43A0     43A0       12         0
                text15                             11D8     11D8      1F8         0
                text14                              6A6      6A6      3F0         0
                text13                             3372     3372       82         0
                text12                             26EC     26EC       E4         0
                text11                             3472     3472       7C         0
                text10                              A96      A96      2B0         0
                text9                              1B2C     1B2C      18E         0
                text8                              32E6     32E6       8C         0
                text7                              401E     401E       30         0
                text6                              41A4     41A4       24         0
                text5                              4254     4254       20         0
                text4                              3DFE     3DFE       38         0
                text3                              3F82     3F82       34         0
                text2                              4108     4108       28         0
                text1                              15C6     15C6      1E2         0
                text0                              3568     3568       74         0
                cinit                              33F4     33F4       7E         0
                idataBANK1                         43B2     43B2       10         0
                idataCOMRAM                        4454     4454        8         0

        CLASS   CONST          

        CLASS   SMALLCONST     
                smallconst                          600      600       A6         0

        CLASS   MEDIUMCONST    

        CLASS   COMRAM         
                temp                                 48       48        1         1
                cstackCOMRAM                          1        1       30         1
                dataCOMRAM                           3E       3E        8         1
                bssCOMRAM                            31       31        D         1
                nvCOMRAM                             46       46        2         1

        CLASS   ABS1           

        CLASS   BIGRAM         

        CLASS   RAM            

        CLASS   BANK0          
                cstackBANK0                          60       60       90         1
                bssBANK0                             F0       F0        B         1

        CLASS   BANK1          
                dataBANK1                           1BC      1BC       10         1
                bssBANK1                            100      100       BC         1
                nvBANK1                             1CC      1CC        7         1

        CLASS   BANK2          
                cstackBANK2                         246      246       37         1
                bssBANK2                            200      200       46         1

        CLASS   BANK3          

        CLASS   BANK4          

        CLASS   BANK5          

        CLASS   SFR            

        CLASS   FARRAM         

        CLASS   CONFIG         
                config                           300000   300000        E         0

        CLASS   IDLOC          
                idloc                            200000   200000        8         0

        CLASS   EEDATA         



SEGMENTS        Name                           Load    Length   Top    Selector   Space  Class

                reset_vec                      000000  000004  000004         0       0  CODE    
                cstackCOMRAM                   000001  000048  000049         1       1  COMRAM  
                intcode                        000008  0000D8  0000E0         4       0  CODE    
                cstackBANK0                    000060  00009B  0000FB        60       1  BANK0   
                bssBANK1                       000100  0000D3  0001D3       100       1  BANK1   
                bssBANK2                       000200  00007D  00027D       200       1  BANK2   
                smallconst                     000600  0000A6  0006A6       300       0  SMALLCON
                text14                         0006A6  003DCC  004472       353       0  CODE    
                idloc                          200000  000008  200008    200000       0  IDLOC   
                config                         300000  00000E  30000E    300000       0  CONFIG  


UNUSED ADDRESS RANGES

        Name                Unused          Largest block    Delta
        BANK0            0000FB-0000FF                5
        BANK1            0001D3-0001FF               2D
        BANK2            00027D-0002FF               83
        BANK3            000300-0003FF              100
        BANK4            000400-0004FF              100
        BANK5            000500-0005FF              100
        BIGRAM           000049-00005F               17
                         0000FB-0000FF                5
                         0001D3-0001FF               2D
                         00027D-0005FF              383
        CODE             000004-000007                4
                         0000E0-0005FF              520
                         004472-007FFF             3B8E
        COMRAM           000049-00005F               17
        CONST            000004-000007                4
                         0000E0-0005FF              520
                         004472-007FFF             3B8E
        EEDATA           F00000-F000FF              100
        MEDIUMCONST      004472-007FFF             3B8E
        RAM              0000FB-0000FF                5
                         0001D3-0001FF               2D
                         00027D-0005FF              100
        SFR              000F38-000FFF               28
        SMALLCONST       004472-007FFF              100
        STACK            00027D-0005FF              383

                                  Symbol Table

?_ADC_GetConversion                        cstackCOMRAM 000018
?_GetIntFromUartData                       cstackBANK0  000066
?_GetUint16FromBitArray                    cstackCOMRAM 000018
?_ReadIntFromEeprom                        cstackBANK0  0000B1
?___altoft                                 cstackBANK0  000087
?___awmod                                  cstackCOMRAM 000018
?___awtoft                                 cstackCOMRAM 000020
?___ftadd                                  cstackBANK0  000078
?___ftdiv                                  cstackCOMRAM 000029
?___ftmul                                  cstackBANK0  000069
?___ftneg                                  cstackCOMRAM 000018
?___ftpack                                 cstackCOMRAM 000018
?___ftsub                                  cstackBANK0  000084
?___fttol                                  cstackBANK0  000078
?___lldiv                                  cstackCOMRAM 000018
?___llmod                                  cstackCOMRAM 000018
?___lltoft                                 cstackCOMRAM 000020
?___lmul                                   cstackCOMRAM 00001A
?___lwmod                                  cstackCOMRAM 000001
?___lwtoft                                 cstackCOMRAM 000020
?___wmul                                   cstackCOMRAM 000018
?_eval_poly                                cstackBANK0  000084
?_exp                                      cstackBANK0  000097
?_floor                                    cstackBANK0  00008F
?_frexp                                    cstackCOMRAM 000018
?_ldexp                                    cstackBANK0  00008E
?_log                                      cstackBANK0  00008E
?_pow                                      cstackBANK0  0000A0
?_strtol                                   cstackCOMRAM 000026
ADC_GetConversion@channel                  cstackCOMRAM 00001C
AdcConvert@_adcResult                      cstackBANK0  0000B3
AdcConvert@_adcResult_350                  cstackBANK0  0000B5
AdcConvert@adcRes                          cstackBANK0  0000BB
AdcConvert@idx                             cstackBANK0  0000C0
AdcConvert@ldRxSate                        cstackBANK0  0000B7
AdcConvert@ldTxSate                        cstackBANK0  0000B9
BlinkErrorLeds@idx                         cstackCOMRAM 00001C
BlinkErrorLeds@state                       cstackCOMRAM 00001B
BlinkOkLeds@idx                            cstackCOMRAM 00001C
BlinkOkLeds@state                          cstackCOMRAM 00001B
CheckFlashPrecentage@precentage            cstackBANK0  00007C
DATAEE_ReadByte@bAdd                       cstackCOMRAM 000018
DATAEE_WriteByte@GIEBitValue               cstackCOMRAM 00001A
DATAEE_WriteByte@bAdd                      cstackCOMRAM 000019
DATAEE_WriteByte@bData                     cstackCOMRAM 000018
DacInit@dacInput                           cstackBANK0  0000CA
DacInit@idx                                cstackBANK0  0000CC
DacReadValue@TxMsg                         cstackBANK0  0000D1
DacReadValue@byteIdx                       cstackBANK0  0000D8
DacReadValue@byteNum                       cstackBANK0  0000CD
DacReadValue@dacIndex                      cstackBANK0  0000D0
DacReadValue@data                          cstackBANK0  0000C8
DacReadValue@readVal                       cstackBANK0  0000CE
DacReadValue@regNum                        cstackBANK0  0000CC
DacSetValue@dacIndex                       cstackBANK0  000090
DacSetValue@data                           cstackBANK0  00008A
DacSetValue@retVal                         cstackBANK0  000091
EUSART1_Read@readValue                     cstackCOMRAM 000019
EUSART1_Write@txData                       cstackCOMRAM 000018
EepromRead@address                         cstackCOMRAM 000019
EepromWrite@address                        cstackCOMRAM 00001C
EepromWrite@data                           cstackCOMRAM 00001B
FLASH_EraseBlock@GIEBitValue               cstackCOMRAM 00001C
FLASH_EraseBlock@baseAddr                  cstackCOMRAM 000018
FLASH_ReadByte@flashAddr                   cstackCOMRAM 000018
FLASH_WriteBlock@GIEBitValue               cstackCOMRAM 00002B
FLASH_WriteBlock@blockStartAddr            cstackCOMRAM 000027
FLASH_WriteBlock@flashWrBufPtr             cstackCOMRAM 000021
FLASH_WriteBlock@i                         cstackCOMRAM 00002C
FLASH_WriteBlock@writeAddr                 cstackCOMRAM 00001D
FillArray@array                            cstackCOMRAM 000020
FillArray@size                             cstackCOMRAM 000022
FillArray@value                            cstackCOMRAM 000024
FlashReadCondition@TxMsg                   cstackCOMRAM 000028
FlashReadUart@TxMsg                        cstackBANK0  00008F
FlashReadUart@data                         cstackBANK0  000087
FlashReadUart@idx                          cstackBANK0  0000E4
FlashReadUart@j                            cstackBANK0  0000E0
FlashReadUart@numOfSampleToRead            cstackBANK0  0000E2
FlashReadUart@val                          cstackBANK0  0000D4
FlashSampleWrite@channelNum                cstackCOMRAM 00002F
FlashSampleWrite@rotateLeft                cstackBANK0  000062
FlashSampleWrite@sampleData                cstackCOMRAM 00002D
GetIntFromUartData@data                    cstackBANK0  000066
GetIntFromUartData@dataRegArr              cstackBANK0  000070
GetIntFromUartData@idxCon                  cstackBANK0  000084
GetIntFromUartData@idxData                 cstackBANK0  000086
GetIntFromUartData@num                     cstackBANK0  00007A
GetIntFromUartData@recVal                  cstackBANK0  00007B
GetIntFromUartData@retVal                  cstackBANK0  00007C
GetMcuFwVersion@TxMsg                      cstackBANK0  000064
GetMcuFwVersion@compileData                cstackBANK0  000060
GetMcuRunTime@TxMsg                        cstackBANK0  000060
GetMcuRunTime@idx                          cstackBANK0  00006D
GetMcuRunTime@tempRunTime                  cstackBANK0  000069
GetUint16FromBitArray@bitarray             cstackCOMRAM 000018
GetUint16FromBitArray@i                    cstackCOMRAM 000021
GetUint16FromBitArray@numOfBits            cstackCOMRAM 00001A
GetUint16FromBitArray@res                  cstackCOMRAM 00001F
GroupAdc@data                              cstackBANK0  0000E6
GroupAdc@request                           cstackBANK0  0000E8
GroupControlMcu@request                    cstackBANK0  0000E9
GroupDAC@data                              cstackBANK0  0000E6
GroupDAC@request                           cstackBANK0  0000E8
GroupFlashMemory@data                      cstackBANK0  0000E6
GroupFlashMemory@request                   cstackBANK0  0000E8
GroupStatusAndVersion@request              cstackBANK0  0000E9
GroupSynthesizers@data                     cstackBANK0  0000E6
GroupSynthesizers@request                  cstackBANK0  0000E8
IOCB4_SetInterruptHandler@InterruptHandler cstackCOMRAM 000018
IOCB5_SetInterruptHandler@InterruptHandler cstackCOMRAM 000018
InitSynth@EepromVal                        cstackBANK0  0000C8
InitSynth@cType                            cstackBANK0  0000CC
InitSynth@idx                              cstackBANK0  0000CD
InitSynth@regNum                           cstackBANK0  0000CE
Make32bitsArray@array                      cstackCOMRAM 000018
Make32bitsArray@data                       cstackCOMRAM 00001A
Make32bitsArray@idx                        cstackCOMRAM 000020
ReadIntFromEeprom@address                  cstackBANK0  0000C2
ReadIntFromEeprom@base                     cstackBANK0  0000B8
ReadIntFromEeprom@idx                      cstackBANK0  0000C7
ReadIntFromEeprom@numOfByes                cstackBANK0  0000B1
ReadIntFromEeprom@retVal                   cstackBANK0  0000C3
SWSPI_DAC_send_bits@count                  cstackCOMRAM 00001B
SWSPI_DAC_send_bits@data                   cstackCOMRAM 00001A
SWSPI_DAC_send_bits@phrType                cstackCOMRAM 00001C
SWSPI_Synth_send_bits@bitArray             cstackBANK0  000060
SWSPI_Synth_send_bits@count                cstackBANK0  000084
SWSPI_Synth_send_bits@data                 cstackCOMRAM 000025
SWSPI_Synth_send_bits@mask                 cstackBANK0  000080
SWSPI_Synth_send_bits@phrType              cstackBANK0  000085
SWSPI_send_word@data                       cstackCOMRAM 000029
SWSPI_send_word@dataSize                   cstackCOMRAM 00002D
SWSPI_send_word@datac                      cstackBANK0  000086
SWSPI_send_word@idx                        cstackBANK0  000087
SWSPI_send_word@phrType                    cstackBANK0  000089
SendAckMessage@TxMsg                       cstackCOMRAM 000026
SendAckMessage@inGroup                     cstackCOMRAM 000025
SendAckMessage@inRequest                   cstackCOMRAM 000024
SetChannelMode@data                        cstackCOMRAM 00002C
SetSynthOper@cType                         cstackBANK0  0000CF
StoreIntInEeprom@address                   cstackCOMRAM 000025
StoreIntInEeprom@data                      cstackCOMRAM 000021
StoreIntInEeprom@idx                       cstackCOMRAM 000029
StoreIntInEeprom@numOfByes                 cstackCOMRAM 000026
StoreIntInEeprom@val                       cstackCOMRAM 000028
SwSpi_Clk_Pin@cPinMode                     cstackCOMRAM 000018
SwSpi_Clk_Pin@phrType                      cstackCOMRAM 000019
SwSpi_Data_Pin@cPinMode                    cstackCOMRAM 000018
SwSpi_Data_Pin@phrType                     cstackCOMRAM 000019
SwSpi_Set_CE_Pin@cPinMode                  cstackCOMRAM 000018
SwSpi_Set_CE_Pin@phrType                   cstackCOMRAM 000019
SwSpi_Set_Dac_Sync_Pin@cPinMode            cstackCOMRAM 000018
SwSpi_Set_Synth_Le_Pin@cPinMode            cstackCOMRAM 000018
SwSpi_Set_Synth_Le_Pin@phrType             cstackCOMRAM 000019
SynthReadData@TxMsg                        cstackBANK2  000246
SynthReadData@byteNum                      cstackBANK2  00027C
SynthReadData@cType                        cstackBANK2  00027A
SynthReadData@data                         cstackBANK0  0000C8
SynthReadData@data_987                     cstackBANK2  000263
SynthReadData@eepromDataArray              cstackBANK2  000266
SynthReadData@regNum                       cstackBANK2  00027B
TMR0_ISR@CountCallBack                     bssCOMRAM    000031
TMR0_SetInterruptHandler@InterruptHandler  cstackCOMRAM 000018
UpdateSynthFreq@cType                      cstackBANK0  00008C
UpdateSynthFreq@data                       cstackBANK0  00008A
UpdateSynthFreq@retVal                     cstackBANK0  00008D
WriteUartMessage@dataBuf                   cstackCOMRAM 000019
WriteUartMessage@dataSize                  cstackCOMRAM 00001B
WriteUartMessage@idx                       cstackCOMRAM 00001E
ZeroArray@array                            cstackCOMRAM 000020
ZeroArray@size                             cstackCOMRAM 000022
_ADCON0                                    (abs)        000FC2
_ADCON0bits                                (abs)        000FC2
_ADCON1                                    (abs)        000FC1
_ADCON2                                    (abs)        000FC0
_ADC_GetConversion                         text110      00407E
_ADC_Initialize                            text47       004338
_ADRESH                                    (abs)        000FC4
_ADRESL                                    (abs)        000FC3
_ANSELA                                    (abs)        000F38
_ANSELB                                    (abs)        000F39
_ANSELC                                    (abs)        000F3A
_ANSELD                                    (abs)        000F3B
_ANSELE                                    (abs)        000F3C
_AdcConvert                                text84       000FBC
_AdcConvert$3599                           cstackBANK0  0000BD
_BAUDCON1                                  (abs)        000FB8
_BlinkErrorLeds                            text36       0037E8
_BlinkOkLeds                               text83       003846
_CheckFlashPrecentage                      text82       002E76
_ClearMcuRunTime                           text81       00438C
_DAC_ADDRES                                smallconst   000653
_DAC_DEFAULT_INIT_VALUES                   smallconst   00064B
_DATAEE_ReadByte                           text80       004378
_DATAEE_WriteByte                          text65       003F4C
_DacInit                                   text62       0028B4
_DacReadValue                              text27       0027D0
_DacSetValue                               text19       003128
_EEADR                                     (abs)        000FA9
_EECON1bits                                (abs)        000FA6
_EECON2                                    (abs)        000FA7
_EEDATA                                    (abs)        000FA8
_EUSART1_Initialize                        text46       003E36
_EUSART1_Read                              text31       003C00
_EUSART1_Receive_ISR                       text121      0040AE
_EUSART1_Transmit_ISR                      text120      003EDE
_EUSART1_Write                             text55       003D4A
_EepromRead                                text79       00444A
_EepromWrite                               text64       0043EE
_FLASH_EraseBlock                          text108      003FEA
_FLASH_IsWriteDone                         text109      0043FC
_FLASH_ReadByte                            text16       0043A0
_FLASH_WriteBlock                          text107      002DBA
_FillArray                                 text72       0042EA
_FlashEreaseMem                            text18       003B0E
_FlashReadCondition                        text17       002206
_FlashReadUart                             text15       0011D8
_FlashReadUart$609                         cstackBANK0  0000DC
_FlashSampleWrite                          text106      002312
_GetIntFromUartData                        text20       001E3A
_GetMcuFwVersion                           text14       0006A6
_GetMcuFwVersion$2698                      cstackBANK0  000076
_GetMcuFwVersion$2702                      cstackBANK0  000078
_GetMcuRunTime                             text12       0026EC
_GetUint16FromBitArray                     text105      0036B6
_GroupAdc                                  text5        004254
_GroupControlMcu                           text7        00401E
_GroupDAC                                  text3        003F82
_GroupFlashMemory                          text4        003DFE
_GroupStatusAndVersion                     text6        0041A4
_GroupSynthesizers                         text8        0032E6
_INTCON2bits                               (abs)        000FF1
_INTCONbits                                (abs)        000FF2
_INTERRUPT_Initialize                      text45       004462
_INTERRUPT_InterruptManager                intcode      000008
_IOCB4_DefaultInterruptHandler             text118      004470
_IOCB4_ISR                                 text117      004232
_IOCB4_InterruptHandler                    nvBANK1      0001D0
_IOCB4_SetInterruptHandler                 text43       004440
_IOCB5_DefaultInterruptHandler             text116      00446E
_IOCB5_ISR                                 text115      004210
_IOCB5_InterruptHandler                    nvBANK1      0001CE
_IOCB5_SetInterruptHandler                 text42       004436
_IOCBbits                                  (abs)        000F62
_InitAdcApplicationMgr                     text61       00445C
_InitRxMessageParams                       text2        004108
_InitSynth                                 text59       000D46
_InitSystemApplicationManagers             text56       00434E
_LATA                                      (abs)        000F89
_LATAbits                                  (abs)        000F89
_LATB                                      (abs)        000F8A
_LATBbits                                  (abs)        000F8A
_LATC                                      (abs)        000F8B
_LATCbits                                  (abs)        000F8B
_LATD                                      (abs)        000F8C
_LATDbits                                  (abs)        000F8C
_LATE                                      (abs)        000F8D
_MEMORY_ISR                                text119      00446A
_Make32bitsArray                           text71       00395C
_OSCCON                                    (abs)        000FD3
_OSCCON2                                   (abs)        000FD2
_OSCILLATOR_Initialize                     text44       0043E0
_OSCTUNE                                   (abs)        000F9B
_PIE1bits                                  (abs)        000F9D
_PIE2bits                                  (abs)        000FA0
_PIN_MANAGER_IOC                           text114      0043C2
_PIN_MANAGER_Initialize                    text41       003784
_PIR1bits                                  (abs)        000F9E
_PIR2bits                                  (abs)        000FA1
_PLLInitialize                             text58       003D0C
_PORTDbits                                 (abs)        000F83
_RCONbits                                  (abs)        000FD0
_RCREG1                                    (abs)        000FAE
_RCSTA1                                    (abs)        000FAB
_RCSTA1bits                                (abs)        000FAB
_ReadIntFromEeprom                         text77       0020E0
_ReadIntFromEeprom$3600                    cstackBANK0  0000BC
_ReadIntFromEeprom$3601                    cstackBANK0  0000BF
_ResetMcu                                  text29       0043D2
_SPBRG1                                    (abs)        000FAF
_SPBRGH1                                   (abs)        000FB0
_SWSPI_DAC_send_bits                       text74       0039B4
_SWSPI_Synth_send_bits                     text70       002CF4
_SWSPI_send_word                           text66       00307E
_SYNTH_ADDRES                              smallconst   000635
_SYNTH_REGS                                smallconst   000601
_SYSTEM_Initialize                         text38       004306
_SendAckMessage                            text51       003B60
_SendSystemStartAck                        text50       004416
_SetChannelMode                            text30       00404E
_SetMcuRunTime                             text48       003C44
_SetMcuSystem                              text37       004422
_SetSynthOper                              text11       003472
_StoreIntInEeprom                          text63       003E6E
_SwSpi_Clk_Pin                             text76       003A62
_SwSpi_Data_Pin                            text75       003A0C
_SwSpi_Set_CE_Pin                          text60       003D86
_SwSpi_Set_Dac_Sync_Pin                    text69       0042CE
_SwSpi_Set_Synth_Le_Pin                    text68       003DC2
_SynthLdDetect                             text34       002A7A
_SynthReadData                             text10       000A96
_SynthReadData$988                         cstackBANK2  000264
_SynthRxOper                               dataCOMRAM   000044
_SynthTxOper                               dataCOMRAM   000045
_T0CON                                     (abs)        000FD5
_T0CONbits                                 (abs)        000FD5
_TABLAT                                    (abs)        000FF5
_TBLPTRH                                   (abs)        000FF7
_TBLPTRL                                   (abs)        000FF6
_TBLPTRU                                   (abs)        000FF8
_TMR0H                                     (abs)        000FD7
_TMR0L                                     (abs)        000FD6
_TMR0_DefaultInterruptHandler              (abs)        000000
_TMR0_ISR                                  text112      002FD2
_TMR0_Initialize                           text39       003FB6
_TMR0_InterruptHandler                     nvBANK1      0001CC
_TMR0_SetInterruptHandler                  text40       00442C
_TMR0_StartTimer                           text57       004466
_TRISA                                     (abs)        000F92
_TRISB                                     (abs)        000F93
_TRISC                                     (abs)        000F94
_TRISD                                     (abs)        000F95
_TRISE                                     (abs)        000F96
_TXREG1                                    (abs)        000FAD
_TXSTA1                                    (abs)        000FAC
_Timer0_KeepAlive                          bssBANK0     0000F8
_Timer0_OneSec                             bssBANK0     0000F7
_Timer0_Sampling                           bssBANK0     0000F9
_Timer0_SynthLd                            bssBANK0     0000FA
_UpdateSynthFreq                           text9        001B2C
_WPUB                                      (abs)        000F61
_WriteUartMessage                          text54       003F16
_ZeroArray                                 text53       0042B0
__CFG_BOREN$OFF                            (abs)        000000
__CFG_BORV$190                             (abs)        000000
__CFG_CCP2MX$PORTC1                        (abs)        000000
__CFG_CCP3MX$PORTB5                        (abs)        000000
__CFG_CP0$OFF                              (abs)        000000
__CFG_CP1$OFF                              (abs)        000000
__CFG_CP2$OFF                              (abs)        000000
__CFG_CP3$OFF                              (abs)        000000
__CFG_CPB$OFF                              (abs)        000000
__CFG_CPD$OFF                              (abs)        000000
__CFG_DEBUG$OFF                            (abs)        000000
__CFG_EBTR0$OFF                            (abs)        000000
__CFG_EBTR1$OFF                            (abs)        000000
__CFG_EBTR2$OFF                            (abs)        000000
__CFG_EBTR3$OFF                            (abs)        000000
__CFG_EBTRB$OFF                            (abs)        000000
__CFG_FCMEN$OFF                            (abs)        000000
__CFG_FOSC$INTIO67                         (abs)        000000
__CFG_HFOFST$ON                            (abs)        000000
__CFG_IESO$OFF                             (abs)        000000
__CFG_LVP$OFF                              (abs)        000000
__CFG_MCLRE$EXTMCLR                        (abs)        000000
__CFG_P2BMX$PORTD2                         (abs)        000000
__CFG_PBADEN$ON                            (abs)        000000
__CFG_PLLCFG$OFF                           (abs)        000000
__CFG_PRICLKEN$ON                          (abs)        000000
__CFG_PWRTEN$ON                            (abs)        000000
__CFG_STVREN$OFF                           (abs)        000000
__CFG_T3CMX$PORTC0                         (abs)        000000
__CFG_WDTEN$OFF                            (abs)        000000
__CFG_WDTPS$16384                          (abs)        000000
__CFG_WRT0$OFF                             (abs)        000000
__CFG_WRT1$OFF                             (abs)        000000
__CFG_WRT2$OFF                             (abs)        000000
__CFG_WRT3$OFF                             (abs)        000000
__CFG_WRTB$OFF                             (abs)        000000
__CFG_WRTC$OFF                             (abs)        000000
__CFG_WRTD$OFF                             (abs)        000000
__CFG_XINST$OFF                            (abs)        000000
__HRAM                                     (abs)        000000
__Habs1                                    abs1         000000
__Hbank0                                   bank0        000000
__Hbank1                                   bank1        000000
__Hbank2                                   bank2        000000
__Hbank3                                   bank3        000000
__Hbank4                                   bank4        000000
__Hbank5                                   bank5        000000
__Hbigbss                                  bigbss       000000
__Hbigdata                                 bigdata      000000
__Hbigram                                  bigram       000000
__Hbss                                     bss          000000
__HbssBANK0                                bssBANK0     000000
__HbssBANK1                                bssBANK1     000000
__HbssBANK2                                bssBANK2     000000
__HbssCOMRAM                               bssCOMRAM    000000
__Hcinit                                   cinit        000000
__Hclrtext                                 clrtext      000000
__Hcomram                                  comram       000000
__Hconfig                                  config       30000E
__Hconst                                   const        000000
__HcstackBANK0                             cstackBANK0  000000
__HcstackBANK2                             cstackBANK2  000000
__HcstackCOMRAM                            cstackCOMRAM 000000
__Hdata                                    data         000000
__HdataBANK1                               dataBANK1    000000
__HdataCOMRAM                              dataCOMRAM   000000
__Heeprom_data                             eeprom_data  000000
__Hfarbss                                  farbss       000000
__Hfardata                                 fardata      000000
__Hibigdata                                ibigdata     000000
__Hidata                                   idata        000000
__HidataBANK1                              idataBANK1   000000
__HidataCOMRAM                             idataCOMRAM  000000
__Hidloc                                   idloc        200008
__Hifardata                                ifardata     000000
__Hinit                                    init         0000E0
__Hintcode                                 intcode      0000DC
__Hintcode_body                            intcode_body 000000
__Hintcodelo                               intcodelo    0000DC
__Hintentry                                intentry     000000
__Hintret                                  intret       000000
__Hintsave_regs                            intsave_regs 000000
__Hirdata                                  irdata       000000
__Hmediumconst                             mediumconst  000000
__HnvBANK1                                 nvBANK1      000000
__HnvCOMRAM                                nvCOMRAM     000000
__HnvFARRAM                                nvFARRAM     000000
__Hnvbit                                   nvbit        000000
__Hnvrram                                  nvrram       000000
__Hparam                                   rparam       000000
__Hpowerup                                 powerup      0000DC
__Hram                                     ram          000000
__Hramtop                                  ramtop       000600
__Hrbit                                    rbit         000000
__Hrbss                                    rbss         000000
__Hrdata                                   rdata        000000
__Hreset_vec                               reset_vec    000004
__Hrparam                                  rparam       000000
__Hsfr                                     sfr          000000
__Hsmallconst                              smallconst   0006A6
__Hspace_0                                 (abs)        30000E
__Hspace_1                                 (abs)        00027D
__Hspace_2                                 (abs)        000000
__Hstack                                   stack        000000
__Hstruct                                  struct       000000
__Htemp                                    temp         000049
__Htext                                    text         000000
__Htext0                                   text0        000000
__Htext1                                   text1        000000
__Htext10                                  text10       000000
__Htext100                                 text100      000000
__Htext101                                 text101      000000
__Htext102                                 text102      000000
__Htext103                                 text103      000000
__Htext104                                 text104      000000
__Htext105                                 text105      000000
__Htext106                                 text106      000000
__Htext107                                 text107      000000
__Htext108                                 text108      000000
__Htext109                                 text109      000000
__Htext11                                  text11       000000
__Htext110                                 text110      000000
__Htext112                                 text112      000000
__Htext113                                 text113      000000
__Htext114                                 text114      000000
__Htext115                                 text115      000000
__Htext116                                 text116      000000
__Htext117                                 text117      000000
__Htext118                                 text118      000000
__Htext119                                 text119      000000
__Htext12                                  text12       000000
__Htext120                                 text120      000000
__Htext121                                 text121      000000
__Htext122                                 text122      000000
__Htext13                                  text13       000000
__Htext14                                  text14       000000
__Htext15                                  text15       000000
__Htext16                                  text16       000000
__Htext17                                  text17       000000
__Htext18                                  text18       000000
__Htext19                                  text19       000000
__Htext2                                   text2        000000
__Htext20                                  text20       000000
__Htext21                                  text21       000000
__Htext22                                  text22       000000
__Htext23                                  text23       000000
__Htext24                                  text24       000000
__Htext25                                  text25       000000
__Htext26                                  text26       000000
__Htext27                                  text27       000000
__Htext28                                  text28       000000
__Htext29                                  text29       000000
__Htext3                                   text3        000000
__Htext30                                  text30       000000
__Htext31                                  text31       000000
__Htext32                                  text32       000000
__Htext33                                  text33       000000
__Htext34                                  text34       000000
__Htext35                                  text35       000000
__Htext36                                  text36       000000
__Htext37                                  text37       000000
__Htext38                                  text38       000000
__Htext39                                  text39       000000
__Htext4                                   text4        000000
__Htext40                                  text40       000000
__Htext41                                  text41       000000
__Htext42                                  text42       000000
__Htext43                                  text43       000000
__Htext44                                  text44       000000
__Htext45                                  text45       000000
__Htext46                                  text46       000000
__Htext47                                  text47       000000
__Htext48                                  text48       000000
__Htext49                                  text49       000000
__Htext5                                   text5        000000
__Htext50                                  text50       000000
__Htext51                                  text51       000000
__Htext52                                  text52       000000
__Htext53                                  text53       000000
__Htext54                                  text54       000000
__Htext55                                  text55       000000
__Htext56                                  text56       000000
__Htext57                                  text57       000000
__Htext58                                  text58       000000
__Htext59                                  text59       000000
__Htext6                                   text6        000000
__Htext60                                  text60       000000
__Htext61                                  text61       000000
__Htext62                                  text62       000000
__Htext63                                  text63       000000
__Htext64                                  text64       000000
__Htext65                                  text65       000000
__Htext66                                  text66       000000
__Htext67                                  text67       000000
__Htext68                                  text68       000000
__Htext69                                  text69       000000
__Htext7                                   text7        000000
__Htext70                                  text70       000000
__Htext71                                  text71       000000
__Htext72                                  text72       000000
__Htext73                                  text73       000000
__Htext74                                  text74       000000
__Htext75                                  text75       000000
__Htext76                                  text76       000000
__Htext77                                  text77       000000
__Htext78                                  text78       000000
__Htext79                                  text79       000000
__Htext8                                   text8        000000
__Htext80                                  text80       000000
__Htext81                                  text81       000000
__Htext82                                  text82       000000
__Htext83                                  text83       000000
__Htext84                                  text84       000000
__Htext85                                  text85       000000
__Htext86                                  text86       000000
__Htext87                                  text87       000000
__Htext88                                  text88       000000
__Htext89                                  text89       000000
__Htext9                                   text9        000000
__Htext90                                  text90       000000
__Htext91                                  text91       000000
__Htext92                                  text92       000000
__Htext93                                  text93       000000
__Htext94                                  text94       000000
__Htext95                                  text95       000000
__Htext96                                  text96       000000
__Htext97                                  text97       000000
__Htext98                                  text98       000000
__Htext99                                  text99       000000
__LRAM                                     (abs)        000001
__Labs1                                    abs1         000000
__Lbank0                                   bank0        000000
__Lbank1                                   bank1        000000
__Lbank2                                   bank2        000000
__Lbank3                                   bank3        000000
__Lbank4                                   bank4        000000
__Lbank5                                   bank5        000000
__Lbigbss                                  bigbss       000000
__Lbigdata                                 bigdata      000000
__Lbigram                                  bigram       000000
__Lbss                                     bss          000000
__LbssBANK0                                bssBANK0     000000
__LbssBANK1                                bssBANK1     000000
__LbssBANK2                                bssBANK2     000000
__LbssCOMRAM                               bssCOMRAM    000000
__Lcinit                                   cinit        000000
__Lclrtext                                 clrtext      000000
__Lcomram                                  comram       000000
__Lconfig                                  config       300000
__Lconst                                   const        000000
__LcstackBANK0                             cstackBANK0  000000
__LcstackBANK2                             cstackBANK2  000000
__LcstackCOMRAM                            cstackCOMRAM 000000
__Ldata                                    data         000000
__LdataBANK1                               dataBANK1    000000
__LdataCOMRAM                              dataCOMRAM   000000
__Leeprom_data                             eeprom_data  000000
__Lfarbss                                  farbss       000000
__Lfardata                                 fardata      000000
__Libigdata                                ibigdata     000000
__Lidata                                   idata        000000
__LidataBANK1                              idataBANK1   000000
__LidataCOMRAM                             idataCOMRAM  000000
__Lidloc                                   idloc        200000
__Lifardata                                ifardata     000000
__Linit                                    init         0000DC
__Lintcode                                 intcode      000008
__Lintcode_body                            intcode_body 000000
__Lintcodelo                               intcodelo    0000DC
__Lintentry                                intentry     000000
__Lintret                                  intret       000000
__Lintsave_regs                            intsave_regs 000000
__Lirdata                                  irdata       000000
__Lmediumconst                             mediumconst  000000
__LnvBANK1                                 nvBANK1      000000
__LnvCOMRAM                                nvCOMRAM     000000
__LnvFARRAM                                nvFARRAM     000000
__Lnvbit                                   nvbit        000000
__Lnvrram                                  nvrram       000000
__Lparam                                   rparam       000000
__Lpowerup                                 powerup      0000DC
__Lram                                     ram          000000
__Lramtop                                  ramtop       000600
__Lrbit                                    rbit         000000
__Lrbss                                    rbss         000000
__Lrdata                                   rdata        000000
__Lreset_vec                               reset_vec    000000
__Lrparam                                  rparam       000000
__Lsfr                                     sfr          000000
__Lsmallconst                              smallconst   000600
__Lspace_0                                 (abs)        000000
__Lspace_1                                 (abs)        000000
__Lspace_2                                 (abs)        000000
__Lstack                                   stack        000000
__Lstruct                                  struct       000000
__Ltemp                                    temp         000048
__Ltext                                    text         000000
__Ltext0                                   text0        000000
__Ltext1                                   text1        000000
__Ltext10                                  text10       000000
__Ltext100                                 text100      000000
__Ltext101                                 text101      000000
__Ltext102                                 text102      000000
__Ltext103                                 text103      000000
__Ltext104                                 text104      000000
__Ltext105                                 text105      000000
__Ltext106                                 text106      000000
__Ltext107                                 text107      000000
__Ltext108                                 text108      000000
__Ltext109                                 text109      000000
__Ltext11                                  text11       000000
__Ltext110                                 text110      000000
__Ltext112                                 text112      000000
__Ltext113                                 text113      000000
__Ltext114                                 text114      000000
__Ltext115                                 text115      000000
__Ltext116                                 text116      000000
__Ltext117                                 text117      000000
__Ltext118                                 text118      000000
__Ltext119                                 text119      000000
__Ltext12                                  text12       000000
__Ltext120                                 text120      000000
__Ltext121                                 text121      000000
__Ltext122                                 text122      000000
__Ltext13                                  text13       000000
__Ltext14                                  text14       000000
__Ltext15                                  text15       000000
__Ltext16                                  text16       000000
__Ltext17                                  text17       000000
__Ltext18                                  text18       000000
__Ltext19                                  text19       000000
__Ltext2                                   text2        000000
__Ltext20                                  text20       000000
__Ltext21                                  text21       000000
__Ltext22                                  text22       000000
__Ltext23                                  text23       000000
__Ltext24                                  text24       000000
__Ltext25                                  text25       000000
__Ltext26                                  text26       000000
__Ltext27                                  text27       000000
__Ltext28                                  text28       000000
__Ltext29                                  text29       000000
__Ltext3                                   text3        000000
__Ltext30                                  text30       000000
__Ltext31                                  text31       000000
__Ltext32                                  text32       000000
__Ltext33                                  text33       000000
__Ltext34                                  text34       000000
__Ltext35                                  text35       000000
__Ltext36                                  text36       000000
__Ltext37                                  text37       000000
__Ltext38                                  text38       000000
__Ltext39                                  text39       000000
__Ltext4                                   text4        000000
__Ltext40                                  text40       000000
__Ltext41                                  text41       000000
__Ltext42                                  text42       000000
__Ltext43                                  text43       000000
__Ltext44                                  text44       000000
__Ltext45                                  text45       000000
__Ltext46                                  text46       000000
__Ltext47                                  text47       000000
__Ltext48                                  text48       000000
__Ltext49                                  text49       000000
__Ltext5                                   text5        000000
__Ltext50                                  text50       000000
__Ltext51                                  text51       000000
__Ltext52                                  text52       000000
__Ltext53                                  text53       000000
__Ltext54                                  text54       000000
__Ltext55                                  text55       000000
__Ltext56                                  text56       000000
__Ltext57                                  text57       000000
__Ltext58                                  text58       000000
__Ltext59                                  text59       000000
__Ltext6                                   text6        000000
__Ltext60                                  text60       000000
__Ltext61                                  text61       000000
__Ltext62                                  text62       000000
__Ltext63                                  text63       000000
__Ltext64                                  text64       000000
__Ltext65                                  text65       000000
__Ltext66                                  text66       000000
__Ltext67                                  text67       000000
__Ltext68                                  text68       000000
__Ltext69                                  text69       000000
__Ltext7                                   text7        000000
__Ltext70                                  text70       000000
__Ltext71                                  text71       000000
__Ltext72                                  text72       000000
__Ltext73                                  text73       000000
__Ltext74                                  text74       000000
__Ltext75                                  text75       000000
__Ltext76                                  text76       000000
__Ltext77                                  text77       000000
__Ltext78                                  text78       000000
__Ltext79                                  text79       000000
__Ltext8                                   text8        000000
__Ltext80                                  text80       000000
__Ltext81                                  text81       000000
__Ltext82                                  text82       000000
__Ltext83                                  text83       000000
__Ltext84                                  text84       000000
__Ltext85                                  text85       000000
__Ltext86                                  text86       000000
__Ltext87                                  text87       000000
__Ltext88                                  text88       000000
__Ltext89                                  text89       000000
__Ltext9                                   text9        000000
__Ltext90                                  text90       000000
__Ltext91                                  text91       000000
__Ltext92                                  text92       000000
__Ltext93                                  text93       000000
__Ltext94                                  text94       000000
__Ltext95                                  text95       000000
__Ltext96                                  text96       000000
__Ltext97                                  text97       000000
__Ltext98                                  text98       000000
__Ltext99                                  text99       000000
__S0                                       (abs)        30000E
__S1                                       (abs)        00027D
__S2                                       (abs)        000000
___altoft                                  text93       0034EE
___altoft@c                                cstackBANK0  000087
___altoft@exp                              cstackCOMRAM 00002F
___altoft@sign                             cstackCOMRAM 000030
___awmod                                   text35       0035DC
___awmod@counter                           cstackCOMRAM 00001C
___awmod@dividend                          cstackCOMRAM 000018
___awmod@divisor                           cstackCOMRAM 00001A
___awmod@sign                              cstackCOMRAM 00001D
___awtoft                                  text101      003EA6
___awtoft@c                                cstackCOMRAM 000020
___awtoft@sign                             cstackCOMRAM 000023
___ftadd                                   text98       00197E
___ftadd@exp1                              cstackBANK0  000083
___ftadd@exp2                              cstackBANK0  000082
___ftadd@f1                                cstackBANK0  000078
___ftadd@f2                                cstackBANK0  00007B
___ftadd@sign                              cstackBANK0  000081
___ftdiv                                   text100      002604
___ftdiv@cntr                              cstackBANK0  000063
___ftdiv@exp                               cstackBANK0  000067
___ftdiv@f1                                cstackCOMRAM 000029
___ftdiv@f2                                cstackCOMRAM 00002C
___ftdiv@f3                                cstackBANK0  000064
___ftdiv@sign                              cstackBANK0  000068
___ftge                                    text92       003256
___ftge@ff1                                cstackCOMRAM 000018
___ftge@ff2                                cstackCOMRAM 00001B
___ftmul                                   text96       00250E
___ftmul@cntr                              cstackBANK0  000076
___ftmul@exp                               cstackBANK0  000072
___ftmul@f1                                cstackBANK0  000069
___ftmul@f2                                cstackBANK0  00006C
___ftmul@f3_as_product                     cstackBANK0  000073
___ftmul@sign                              cstackBANK0  000077
___ftneg                                   text99       0041C8
___ftneg@f1                                cstackCOMRAM 000018
___ftpack                                  text104      002F24
[...]
      Temps:          0       0       0       0       0       0       0
      Totals:         0       0       0       0       0       0       0
Total ram usage:        0 bytes
 Hardware stack levels used:    1
 Hardware stack levels required when called:    2
 This function calls:
		_IOCB4_ISR
		_IOCB5_ISR
 This function is called by:
		_INTERRUPT_InterruptManager
 This function uses a non-reentrant model


 *************** function _IOCB5_ISR *****************
 Defined at:
		line 158 in file "mcc_generated_files/pin_manager.c"
 Parameters:    Size  Location     Type
		None
 Auto vars:     Size  Location     Type
		None
 Return value:  Size  Location     Type
                  1    wreg      void 
 Registers used:
		wreg, status,2, status,0, pclath, tosl, cstack
 Tracked objects:
		On entry : 
		On exit  : 
		Unchanged: 
 Data sizes:     COMRAM   BANK0   BANK1   BANK2   BANK3   BANK4   BANK5
      Params:         0       0       0       0       0       0       0
      Locals:         0       0       0       0       0       0       0
      Temps:          0       0       0       0       0       0       0
      Totals:         0       0       0       0       0       0       0
Total ram usage:        0 bytes
 Hardware stack levels used:    1
 Hardware stack levels required when called:    1
 This function calls:
		Absolute function
		_IOCB5_DefaultInterruptHandler
 This function is called by:
		_PIN_MANAGER_IOC
 This function uses a non-reentrant model


 *************** function _IOCB5_DefaultInterruptHandler *****************
 Defined at:
		line 179 in file "mcc_generated_files/pin_manager.c"
 Parameters:    Size  Location     Type
		None
 Auto vars:     Size  Location     Type
		None
 Return value:  Size  Location     Type
                  1    wreg      void 
 Registers used:
		None
 Tracked objects:
		On entry : 
		On exit  : 
		Unchanged: 
 Data sizes:     COMRAM   BANK0   BANK1   BANK2   BANK3   BANK4   BANK5
      Params:         0       0       0       0       0       0       0
      Locals:         0       0       0       0       0       0       0
      Temps:          0       0       0       0       0       0       0
      Totals:         0       0       0       0       0       0       0
Total ram usage:        0 bytes
 Hardware stack levels used:    1
 This function calls:
		Nothing
 This function is called by:
		_PIN_MANAGER_Initialize
		_IOCB5_ISR
 This function uses a non-reentrant model


 *************** function _IOCB4_ISR *****************
 Defined at:
		line 129 in file "mcc_generated_files/pin_manager.c"
 Parameters:    Size  Location     Type
		None
 Auto vars:     Size  Location     Type
		None
 Return value:  Size  Location     Type
                  1    wreg      void 
 Registers used:
		wreg, status,2, status,0, pclath, tosl, cstack
 Tracked objects:
		On entry : 
		On exit  : 
		Unchanged: 
 Data sizes:     COMRAM   BANK0   BANK1   BANK2   BANK3   BANK4   BANK5
      Params:         0       0       0       0       0       0       0
      Locals:         0       0       0       0       0       0       0
      Temps:          0       0       0       0       0       0       0
      Totals:         0       0       0       0       0       0       0
Total ram usage:        0 bytes
 Hardware stack levels used:    1
 Hardware stack levels required when called:    1
 This function calls:
		Absolute function
		_IOCB4_DefaultInterruptHandler
 This function is called by:
		_PIN_MANAGER_IOC
 This function uses a non-reentrant model


 *************** function _IOCB4_DefaultInterruptHandler *****************
 Defined at:
		line 150 in file "mcc_generated_files/pin_manager.c"
 Parameters:    Size  Location     Type
		None
 Auto vars:     Size  Location     Type
		None
 Return value:  Size  Location     Type
                  1    wreg      void 
 Registers used:
		None
 Tracked objects:
		On entry : 
		On exit  : 
		Unchanged: 
 Data sizes:     COMRAM   BANK0   BANK1   BANK2   BANK3   BANK4   BANK5
      Params:         0       0       0       0       0       0       0
      Locals:         0       0       0       0       0       0       0
      Temps:          0       0       0       0       0       0       0
      Totals:         0       0       0       0       0       0       0
Total ram usage:        0 bytes
 Hardware stack levels used:    1
 This function calls:
		Nothing
 This function is called by:
		_PIN_MANAGER_Initialize
		_IOCB4_ISR
 This function uses a non-reentrant model


 *************** function _MEMORY_ISR *****************
 Defined at:
		line 206 in file "mcc_generated_files/memory.c"
 Parameters:    Size  Location     Type
		None
 Auto vars:     Size  Location     Type
		None
 Return value:  Size  Location     Type
                  1    wreg      void 
 Registers used:
		None
 Tracked objects:
		On entry : 
		On exit  : 
		Unchanged: 
 Data sizes:     COMRAM   BANK0   BANK1   BANK2   BANK3   BANK4   BANK5
      Params:         0       0       0       0       0       0       0
      Locals:         0       0       0       0       0       0       0
      Temps:          0       0       0       0       0       0       0
      Totals:         0       0       0       0       0       0       0
Total ram usage:        0 bytes
 Hardware stack levels used:    1
 This function calls:
		Nothing
 This function is called by:
		_INTERRUPT_InterruptManager
 This function uses a non-reentrant model


 *************** function _EUSART1_Transmit_ISR *****************
 Defined at:
		line 181 in file "mcc_generated_files/eusart1.c"
 Parameters:    Size  Location     Type
		None
 Auto vars:     Size  Location     Type
		None
 Return value:  Size  Location     Type
                  1    wreg      void 
 Registers used:
		wreg, fsr2l, fsr2h, status,2, status,0, prodl, prodh
 Tracked objects:
		On entry : 
		On exit  : 
		Unchanged: 
 Data sizes:     COMRAM   BANK0   BANK1   BANK2   BANK3   BANK4   BANK5
      Params:         0       0       0       0       0       0       0
      Locals:         0       0       0       0       0       0       0
      Temps:          0       0       0       0       0       0       0
      Totals:         0       0       0       0       0       0       0
Total ram usage:        0 bytes
 Hardware stack levels used:    1
 This function calls:
		Nothing
 This function is called by:
		_INTERRUPT_InterruptManager
 This function uses a non-reentrant model


 *************** function _EUSART1_Receive_ISR *****************
 Defined at:
		line 202 in file "mcc_generated_files/eusart1.c"
 Parameters:    Size  Location     Type
		None
 Auto vars:     Size  Location     Type
		None
 Return value:  Size  Location     Type
                  1    wreg      void 
 Registers used:
		wreg, fsr2l, fsr2h, status,2, status,0, prodl, prodh
 Tracked objects:
		On entry : 
		On exit  : 
		Unchanged: 
 Data sizes:     COMRAM   BANK0   BANK1   BANK2   BANK3   BANK4   BANK5
      Params:         0       0       0       0       0       0       0
      Locals:         0       0       0       0       0       0       0
      Temps:          0       0       0       0       0       0       0
      Totals:         0       0       0       0       0       0       0
Total ram usage:        0 bytes
 Hardware stack levels used:    1
 This function calls:
		Nothing
 This function is called by:
		_INTERRUPT_InterruptManager
 This function uses a non-reentrant model



MODULE INFORMATION

Module		Function		Class		Link	Load	Size
AdcApp.c
		_AdcConvert    		CODE           	0FBC	0000	541
		_SetChannelMode		CODE           	404E	0000	49
		_InitAdcApplicationMgr		CODE           	445C	0000	7

AdcApp.c estimated size: 597

MessageFunctions.c
		_GroupControlMcu		CODE           	401E	0000	49
		_GroupStatusAndVersion		CODE           	41A4	0000	37
		_GroupDAC      		CODE           	3F82	0000	53
		_GroupAdc      		CODE           	4254	0000	33
		_GroupSynthesizers		CODE           	32E6	0000	141
		_GroupFlashMemory		CODE           	3DFE	0000	57

MessageFunctions.c estimated size: 370

SystemCommon.c
		_make8         		CODE           	38A4	0000	93
		_Make32bitsArray		CODE           	395C	0000	89
		_ResetMcu      		CODE           	43D2	0000	15
		_GetUint16FromBitArray		CODE           	36B6	0000	105
		_StoreIntInEeprom		CODE           	3E6E	0000	57
		_ReadIntFromEeprom		CODE           	20E0	0000	295
		_ZeroArray     		CODE           	42B0	0000	31
		_GetIntFromUartData		CODE           	1E3A	0000	381
		_crc8          		CODE           	3BB2	0000	79
		_SendSystemStartAck		CODE           	4416	0000	13
		_FillArray     		CODE           	42EA	0000	29

SystemCommon.c estimated size: 1187

C:\Program Files (x86)\Microchip\xc8\v1.45\sources\common\ftneg.c
		___ftneg       		CODE           	41C8	0000	37

C:\Program Files (x86)\Microchip\xc8\v1.45\sources\common\ftneg.c estimated size: 37

DacApp.c
		_DacInit       		CODE           	28B4	0000	229
		_DacSetValue   		CODE           	3128	0000	159
		_DacReadValue  		CODE           	27D0	0000	229

DacApp.c estimated size: 617

SystemStatus.c
		_keepAliveSignalUart		CODE           	440A	0000	13
		_GetMcuRunTime 		CODE           	26EC	0000	229
		_ClearMcuRunTime		CODE           	438C	0000	21
		_SetMcuRunTime 		CODE           	3C44	0000	69
		_GetMcuFwVersion		CODE           	06A6	0000	1009

SystemStatus.c estimated size: 1341

C:\Program Files (x86)\Microchip\xc8\v1.45\sources\common\strtol.c
		_strtol        		CODE           	17A8	0000	471

C:\Program Files (x86)\Microchip\xc8\v1.45\sources\common\strtol.c estimated size: 471

C:\Program Files (x86)\Microchip\xc8\v1.45\sources\common\isalpha.c
		_isalpha       		CODE           	4130	0000	41

C:\Program Files (x86)\Microchip\xc8\v1.45\sources\common\isalpha.c estimated size: 41

C:\Program Files (x86)\Microchip\xc8\v1.45\sources\common\ftsub.c
		___ftsub       		CODE           	3C88	0000	67

C:\Program Files (x86)\Microchip\xc8\v1.45\sources\common\ftsub.c estimated size: 67

C:\Program Files (x86)\Microchip\xc8\v1.45\sources\common\float.c
		___ftpack      		CODE           	2F24	0000	175

C:\Program Files (x86)\Microchip\xc8\v1.45\sources\common\float.c estimated size: 175

SwSpiApp.c
		_SWSPI_Synth_send_bits		CODE           	2CF4	0000	199
		_SWSPI_send_word		CODE           	307E	0000	171
		_SwSpi_Set_Synth_Le_Pin		CODE           	3DC2	0000	61
		_SwSpi_Data_Pin		CODE           	3A0C	0000	87
		_SwSpi_Set_CE_Pin		CODE           	3D86	0000	61
		_SwSpi_Clk_Pin 		CODE           	3A62	0000	87
		_SwSpi_Set_Dac_Sync_Pin		CODE           	42CE	0000	29
		_SWSPI_DAC_send_bits		CODE           	39B4	0000	89

SwSpiApp.c estimated size: 784

C:\Program Files (x86)\Microchip\xc8\v1.45\sources\common\lltoft.c
		___lltoft      		CODE           	3900	0000	93

C:\Program Files (x86)\Microchip\xc8\v1.45\sources\common\lltoft.c estimated size: 93

mcc_generated_files/interrupt_manager.c
		_INTERRUPT_Initialize		CODE           	4462	0000	5
		_INTERRUPT_InterruptManager		CODE           	0008	0000	213

mcc_generated_files/interrupt_manager.c estimated size: 218

C:\Program Files (x86)\Microchip\xc8\v1.45\sources\common\log.c
		_log           		CODE           	1FB6	0000	299

C:\Program Files (x86)\Microchip\xc8\v1.45\sources\common\log.c estimated size: 299

C:\Program Files (x86)\Microchip\xc8\v1.45\sources\common\Umul16.c
		___wmul        		CODE           	417E	0000	39

C:\Program Files (x86)\Microchip\xc8\v1.45\sources\common\Umul16.c estimated size: 39

mcc_generated_files/tmr0.c
		_TMR0_SetInterruptHandler		CODE           	442C	0000	11
		_TMR0_StartTimer		CODE           	4466	0000	5
		_TMR0_ISR      		CODE           	2FD2	0000	173
		_TMR0_Initialize		CODE           	3FB6	0000	53

mcc_generated_files/tmr0.c estimated size: 242

SyntApp.c
		_PLLInitialize 		CODE           	3D0C	0000	63
		_SynthLdDetect 		CODE           	2A7A	0000	215
		_InitSynth     		CODE           	0D46	0000	631
		_UpdateSynthFreq		CODE           	1B2C	0000	399
		_SetSynthOper  		CODE           	3472	0000	125
		_SynthReadData 		CODE           	0A96	0000	689

SyntApp.c estimated size: 2122

C:\Program Files (x86)\Microchip\xc8\v1.45\sources\common\frexp.c
		_ldexp         		CODE           	2C26	0000	207
		_frexp         		CODE           	31C6	0000	145

C:\Program Files (x86)\Microchip\xc8\v1.45\sources\common\frexp.c estimated size: 352

C:\Program Files (x86)\Microchip\xc8\v1.45\sources\common\ftge.c
		___ftge        		CODE           	3256	0000	145

C:\Program Files (x86)\Microchip\xc8\v1.45\sources\common\ftge.c estimated size: 145

mcc_generated_files/pin_manager.c
		_IOCB4_DefaultInterruptHandler		CODE           	4470	0000	3
		_PIN_MANAGER_Initialize		CODE           	3784	0000	101
		_IOCB5_ISR     		CODE           	4210	0000	35
		_IOCB5_DefaultInterruptHandler		CODE           	446E	0000	3
		_PIN_MANAGER_IOC		CODE           	43C2	0000	17
		_IOCB4_SetInterruptHandler		CODE           	4440	0000	11
		_IOCB4_ISR     		CODE           	4232	0000	35
		_IOCB5_SetInterruptHandler		CODE           	4436	0000	11

mcc_generated_files/pin_manager.c estimated size: 216

C:\Program Files (x86)\Microchip\xc8\v1.45\sources\common\isdigit.c
		_isdigit       		CODE           	4274	0000	31

C:\Program Files (x86)\Microchip\xc8\v1.45\sources\common\isdigit.c estimated size: 31

C:\Program Files (x86)\Microchip\xc8\v1.45\sources\common\pow.c
		_pow           		CODE           	1CBA	0000	385

C:\Program Files (x86)\Microchip\xc8\v1.45\sources\common\pow.c estimated size: 385

C:\Program Files (x86)\Microchip\xc8\v1.45\sources\common\floor.c
		_floor         		CODE           	2998	0000	227

C:\Program Files (x86)\Microchip\xc8\v1.45\sources\common\floor.c estimated size: 227

C:\Program Files (x86)\Microchip\xc8\v1.45\sources\common\lwmod.c
		___lwmod       		CODE           	3CCA	0000	67

C:\Program Files (x86)\Microchip\xc8\v1.45\sources\common\lwmod.c estimated size: 67

C:\Program Files (x86)\Microchip\xc8\v1.45\sources\common\ftmul.c
		___ftmul       		CODE           	250E	0000	247

C:\Program Files (x86)\Microchip\xc8\v1.45\sources\common\ftmul.c estimated size: 247

C:\Program Files (x86)\Microchip\xc8\v1.45\sources\common\awmod.c
		___awmod       		CODE           	35DC	0000	113

C:\Program Files (x86)\Microchip\xc8\v1.45\sources\common\awmod.c estimated size: 113

mcc_generated_files/adc.c
		_ADC_Initialize		CODE           	4338	0000	23
		_ADC_GetConversion		CODE           	407E	0000	49

mcc_generated_files/adc.c estimated size: 72

C:\Program Files (x86)\Microchip\xc8\v1.45\sources\common\ftdiv.c
		___ftdiv       		CODE           	2604	0000	233

C:\Program Files (x86)\Microchip\xc8\v1.45\sources\common\ftdiv.c estimated size: 233

C:\Program Files (x86)\Microchip\xc8\v1.45\sources\common\llmod.c
		___llmod       		CODE           	371E	0000	103

C:\Program Files (x86)\Microchip\xc8\v1.45\sources\common\llmod.c estimated size: 103

C:\Program Files (x86)\Microchip\xc8\v1.45\sources\common\Umul32.c
		___lmul        		CODE           	3AB8	0000	87

C:\Program Files (x86)\Microchip\xc8\v1.45\sources\common\Umul32.c estimated size: 87

FlashApp.c
		_EepromWrite   		CODE           	43EE	0000	15
		_CheckFlashPrecentage		CODE           	2E76	0000	175
		_FlashReadCondition		CODE           	2206	0000	269
		_FlashSampleWrite		CODE           	2312	0000	261
		_FlashEreaseMem		CODE           	3B0E	0000	83
		_EepromRead    		CODE           	444A	0000	11
		_FlashReadUart 		CODE           	11D8	0000	505

FlashApp.c estimated size: 1319

shared
		exp@coeff      		SMALLCONST     	0657	0000	31
		_SYNTH_ADDRES  		SMALLCONST     	0635	0000	14
		_DAC_DEFAULT_INIT_VALUES		SMALLCONST     	064B	0000	9
		__initialization		CODE           	33F4	0000	113
		_DAC_ADDRES    		SMALLCONST     	0653	0000	5
		log@coeff      		SMALLCONST     	0675	0000	28
		_SYNTH_REGS    		SMALLCONST     	0601	0000	53
		_channelArr    		SMALLCONST     	0642	0000	10

shared estimated size: 263

mcc_generated_files/eusart1.c
		_EUSART1_Initialize		CODE           	3E36	0000	57
		_EUSART1_Read  		CODE           	3C00	0000	69
		_EUSART1_Write 		CODE           	3D4A	0000	61
		_EUSART1_Receive_ISR		CODE           	40AE	0000	47
		_EUSART1_Transmit_ISR		CODE           	3EDE	0000	57

mcc_generated_files/eusart1.c estimated size: 291

mcc_generated_files/mcc.c
		_OSCILLATOR_Initialize		CODE           	43E0	0000	15
		_SYSTEM_Initialize		CODE           	4306	0000	27

mcc_generated_files/mcc.c estimated size: 42

C:\Program Files (x86)\Microchip\xc8\v1.45\sources\common\fttol.c
		___fttol       		CODE           	2416	0000	249

C:\Program Files (x86)\Microchip\xc8\v1.45\sources\common\fttol.c estimated size: 249

SystemSettings.c
		_SetMcuSystem  		CODE           	4422	0000	11
		_InitSystemApplicationManagers		CODE           	434E	0000	23

SystemSettings.c estimated size: 34

C:\Program Files (x86)\Microchip\xc8\v1.45\sources\common\awtoft.c
		___awtoft      		CODE           	3EA6	0000	57

C:\Program Files (x86)\Microchip\xc8\v1.45\sources\common\awtoft.c estimated size: 57

C:\Program Files (x86)\Microchip\xc8\v1.45\sources\common\evalpoly.c
		_eval_poly     		CODE           	2B50	0000	215

C:\Program Files (x86)\Microchip\xc8\v1.45\sources\common\evalpoly.c estimated size: 215

C:\Program Files (x86)\Microchip\xc8\v1.45\sources\common\isupper.c
		_isupper       		CODE           	4292	0000	31

C:\Program Files (x86)\Microchip\xc8\v1.45\sources\common\isupper.c estimated size: 31

mcc_generated_files/memory.c
		_FLASH_EraseBlock		CODE           	3FEA	0000	53
		_FLASH_ReadByte		CODE           	43A0	0000	19
		_FLASH_WriteBlock		CODE           	2DBA	0000	189
		_DATAEE_WriteByte		CODE           	3F4C	0000	55
		_MEMORY_ISR    		CODE           	446A	0000	5
		_FLASH_IsWriteDone		CODE           	43FC	0000	15
		_DATAEE_ReadByte		CODE           	4378	0000	21

mcc_generated_files/memory.c estimated size: 357

C:\Program Files (x86)\Microchip\xc8\v1.45\sources\common\ftadd.c
		___ftadd       		CODE           	197E	0000	431

C:\Program Files (x86)\Microchip\xc8\v1.45\sources\common\ftadd.c estimated size: 431

C:\Program Files (x86)\Microchip\xc8\v1.45\sources\common\toupper.c
		_toupper       		CODE           	4364	0000	21

C:\Program Files (x86)\Microchip\xc8\v1.45\sources\common\toupper.c estimated size: 21

C:\Program Files (x86)\Microchip\xc8\v1.45\sources\common\lldiv.c
		___lldiv       		CODE           	3372	0000	131

C:\Program Files (x86)\Microchip\xc8\v1.45\sources\common\lldiv.c estimated size: 131

LedsApp.c
		_testLeds      		CODE           	364C	0000	107
		_keepAliveSignalLed		CODE           	4320	0000	25
		_BlinkOkLeds   		CODE           	3846	0000	95
		_BlinkErrorLeds		CODE           	37E8	0000	95

LedsApp.c estimated size: 322

C:\Program Files (x86)\Microchip\xc8\v1.45\sources\common\isspace.c
		_isspace       		CODE           	4158	0000	39

C:\Program Files (x86)\Microchip\xc8\v1.45\sources\common\isspace.c estimated size: 39

main.c
		_main          		CODE           	3568	0000	117

main.c estimated size: 117

C:\Program Files (x86)\Microchip\xc8\v1.45\sources\common\lwtoft.c
		___lwtoft      		CODE           	41EC	0000	37

C:\Program Files (x86)\Microchip\xc8\v1.45\sources\common\lwtoft.c estimated size: 37

C:\Program Files (x86)\Microchip\xc8\v1.45\sources\common\exp.c
		_exp           		CODE           	13D0	0000	503

C:\Program Files (x86)\Microchip\xc8\v1.45\sources\common\exp.c estimated size: 503

EusartApp.c
		_readUartMessage		CODE           	15C6	0000	483
		_WriteUartMessage		CODE           	3F16	0000	55
		_InitRxMessageParams		CODE           	4108	0000	41
		_SendAckMessage		CODE           	3B60	0000	83

EusartApp.c estimated size: 662

C:\Program Files (x86)\Microchip\xc8\v1.45\sources\common\altoft.c
		___altoft      		CODE           	34EE	0000	123

C:\Program Files (x86)\Microchip\xc8\v1.45\sources\common\altoft.c estimated size: 123

C:\Program Files (x86)\Microchip\xc8\v1.45\sources\common\memset.c
		_memset        		CODE           	40DC	0000	45

C:\Program Files (x86)\Microchip\xc8\v1.45\sources\common\memset.c estimated size: 45

